<html>
<body>
<pre>
<h1>µVision Build Log</h1>
<h2>Tool Versions:</h2>
IDE-Version: µVision V5.37.0.0
Copyright (C) 2022 ARM Ltd and ARM Germany GmbH. All rights reserved.
License Information: LM LM, LM, LIC=----
 
Tool Versions:
Toolchain:       MDK-Lite  Version: 5.37.0.0
Toolchain Path:  C:\Keil_v5\ARM\ARMCLANG\Bin
C Compiler:      ArmClang.exe V6.18
Assembler:       Armasm.exe V6.18
Linker/Locator:  ArmLink.exe V6.18
Library Manager: ArmAr.exe V6.18
Hex Converter:   FromElf.exe V6.18
CPU DLL:         SARMCM3.DLL V5.37.0.0
Dialog DLL:      DCM.DLL V1.17.5.0
Target DLL:      lmidk-agdi.dll V???
Dialog DLL:      TCM.DLL V1.56.1.0
 
<h2>Project:</h2>
C:\Code\Embedded\Snake_Game\Snake_Game.uvprojx
Project File Date:  02/01/2023

<h2>Output:</h2>
*** Using Compiler 'V6.18', folder: 'C:\Keil_v5\ARM\ARMCLANG\Bin'
Build target 'Target 1'
main.c(85): warning: implicit declaration of function 'printInt' is invalid in C99 [-Wimplicit-function-declaration]
printInt(score);        // Printing current score       
^
main.c(314): warning: implicit declaration of function 'printInt' is invalid in C99 [-Wimplicit-function-declaration]
                printInt(score);
                ^
2 warnings generated.
compiling main.c...
linking...
Program Size: Code=14982 RO-data=1150 RW-data=8 ZI-data=20864  
".\Objects\Snake_Game.axf" - 0 Error(s), 2 Warning(s).

<h2>Software Packages used:</h2>

Package Vendor: ARM
                http://www.keil.com/pack/ARM.CMSIS.5.9.0.pack
                ARM.CMSIS.5.9.0
                CMSIS (Common Microcontroller Software Interface Standard)
   * Component: CORE Version: 5.6.0

Package Vendor: ARM
                https://www.keil.com/pack/ARM.CMSIS-FreeRTOS.10.5.1.pack
                ARM.CMSIS-FreeRTOS.10.5.1
                Bundle of FreeRTOS for Cortex-M and Cortex-A
   * Component: Config Variant: FreeRTOS Version: 10.5.1
   * Component: Core Variant: Cortex-M Version: 10.5.1
   * Component: Heap Variant: Heap_4 Version: 10.5.1
   * Component: Timers Version: 10.5.1

Package Vendor: Keil
                http://www.keil.com/pack/Keil.TM4C_DFP.1.1.0.pack
                Keil.TM4C_DFP.1.1.0
                Texas Instruments Tiva C Series Device Support and Examples
   * Component: Startup Version: 1.0.1

<h2>Collection of Component include folders:</h2>
  ./RTE/RTOS
  ./RTE/_Target_1
  C:/Users/pc/AppData/Local/Arm/Packs/ARM/CMSIS-FreeRTOS/10.5.1/CMSIS/RTOS2/FreeRTOS/Include
  C:/Users/pc/AppData/Local/Arm/Packs/ARM/CMSIS-FreeRTOS/10.5.1/Source/include
  C:/Users/pc/AppData/Local/Arm/Packs/ARM/CMSIS-FreeRTOS/10.5.1/Source/portable/GCC/ARM_CM3
  C:/Users/pc/AppData/Local/Arm/Packs/ARM/CMSIS/5.9.0/CMSIS/Core/Include
  C:/Users/pc/AppData/Local/Arm/Packs/Keil/TM4C_DFP/1.1.0/Device/Include/TM4C123

<h2>Collection of Component Files used:</h2>

   * Component: ARM.FreeRTOS::RTOS:Config:FreeRTOS:10.5.1
      Include file:  Config/ARMCM/FreeRTOSConfig.h

   * Component: ARM.FreeRTOS::RTOS:Core:Cortex-M:10.5.1
      Include file:  Source/include/queue.h
      Source file:   Source/portable/GCC/ARM_CM3/port.c
      Source file:   Source/tasks.c
      Source file:   Source/list.c
      Include file:  Source/include/task.h
      Include file:  Source/include/FreeRTOS.h
      Source file:   Source/queue.c
      Include file:  Source/include/semphr.h
      Source file:   CMSIS/RTOS2/FreeRTOS/Source/freertos_evr.c

   * Component: ARM.FreeRTOS::RTOS:Heap:Heap_4:10.5.1
      Source file:   Source/portable/MemMang/heap_4.c

   * Component: ARM.FreeRTOS::RTOS:Timers:10.5.1
      Source file:   Source/timers.c
      Include file:  Source/include/timers.h

   * Component: ARM::CMSIS:CORE:5.6.0

   * Component: Keil::Device:Startup:1.0.1
      Include file:  Device/Include/TM4C123/TM4C123.h
      Source file:   Device/Source/system_TM4C123.c
      Source file:   Device/Source/ARM/startup_TM4C123.s
Build Time Elapsed:  00:00:00
</pre>
</body>
</html>
